  console.warn
    OPENWEATHER_API_KEY not set. Using mock data.

    [0m [90m 27 |[39m   [90m// 1. Check for Mock Mode[39m
     [90m 28 |[39m   [36mif[39m (process[33m.[39menv[33m.[39m[33mUSE_MOCK_DATA[39m [33m===[39m [32m'true'[39m [33m||[39m [33m![39m[33mAPI_KEY[39m) {
    [31m[1m>[22m[39m[90m 29 |[39m     [36mif[39m ([33m![39m[33mAPI_KEY[39m) console[33m.[39mwarn([32m'OPENWEATHER_API_KEY not set. Using mock data.'[39m)[33m;[39m
     [90m    |[39m                           [31m[1m^[22m[39m
     [90m 30 |[39m     [36mreturn[39m getMockWeather()[33m;[39m
     [90m 31 |[39m   }
     [90m 32 |[39m[0m

      at warn (src/lib/api/fetchWeather.ts:29:27)
      at Object.<anonymous> (__tests__/api/fetchWeather.test.ts:39:40)

  console.warn
    OPENWEATHER_API_KEY not set. Using mock data.

    [0m [90m 27 |[39m   [90m// 1. Check for Mock Mode[39m
     [90m 28 |[39m   [36mif[39m (process[33m.[39menv[33m.[39m[33mUSE_MOCK_DATA[39m [33m===[39m [32m'true'[39m [33m||[39m [33m![39m[33mAPI_KEY[39m) {
    [31m[1m>[22m[39m[90m 29 |[39m     [36mif[39m ([33m![39m[33mAPI_KEY[39m) console[33m.[39mwarn([32m'OPENWEATHER_API_KEY not set. Using mock data.'[39m)[33m;[39m
     [90m    |[39m                           [31m[1m^[22m[39m
     [90m 30 |[39m     [36mreturn[39m getMockWeather()[33m;[39m
     [90m 31 |[39m   }
     [90m 32 |[39m[0m

      at warn (src/lib/api/fetchWeather.ts:29:27)
      at Object.<anonymous> (__tests__/api/fetchWeather.test.ts:50:40)

  console.warn
    OPENWEATHER_API_KEY not set. Using mock data.

    [0m [90m 27 |[39m   [90m// 1. Check for Mock Mode[39m
     [90m 28 |[39m   [36mif[39m (process[33m.[39menv[33m.[39m[33mUSE_MOCK_DATA[39m [33m===[39m [32m'true'[39m [33m||[39m [33m![39m[33mAPI_KEY[39m) {
    [31m[1m>[22m[39m[90m 29 |[39m     [36mif[39m ([33m![39m[33mAPI_KEY[39m) console[33m.[39mwarn([32m'OPENWEATHER_API_KEY not set. Using mock data.'[39m)[33m;[39m
     [90m    |[39m                           [31m[1m^[22m[39m
     [90m 30 |[39m     [36mreturn[39m getMockWeather()[33m;[39m
     [90m 31 |[39m   }
     [90m 32 |[39m[0m

      at warn (src/lib/api/fetchWeather.ts:29:27)
      at Object.<anonymous> (__tests__/api/fetchWeather.test.ts:59:40)

node.exe : (node:17480) [DEP0040] DeprecationWarning: The `punycode` module is deprecated. Please use a userland alternative instead.
In C:\Program Files\nodejs\npx.ps1:29 Zeichen:3
+   & $NODE_EXE $NPX_CLI_JS $args
+   ~~~~~~~~~~~~~~~~~~~~~~~~~~~~~
    + CategoryInfo          : NotSpecified: ((node:17480) [D...native instead.:String) [], RemoteException
    + FullyQualifiedErrorId : NativeCommandError
 
(Use `node --trace-deprecation ...` to show where the warning was created)
FAIL __tests__/api/fetchWeather.test.ts
  fetchWeather
    ├ù fetches and normalizes weather data correctly (18 ms)
    ÔêÜ uses mock data when USE_MOCK_DATA is true (2 ms)
    ÔêÜ returns mock data on API failure (1 ms)

  ÔùÅ fetchWeather ÔÇ║ fetches and normalizes weather data correctly

    expect(received).toBe(expected) // Object.is equality

    Expected: "London"
    Received: "Mock City"

    [0m [90m 39 |[39m         [36mconst[39m data [33m=[39m [36mawait[39m fetchWeather([32m'London'[39m)[33m;[39m
     [90m 40 |[39m
    [31m[1m>[22m[39m[90m 41 |[39m         expect(data[33m.[39mlocationName)[33m.[39mtoBe([32m'London'[39m)[33m;[39m
     [90m    |[39m                                   [31m[1m^[22m[39m
     [90m 42 |[39m         expect(data[33m.[39mtemperature)[33m.[39mtoBe([35m20[39m)[33m;[39m
     [90m 43 |[39m         expect(data[33m.[39mcondition)[33m.[39mtoBe([32m'Clear'[39m)[33m;[39m
     [90m 44 |[39m         expect(data[33m.[39mforecast)[33m.[39mtoHaveLength([35m1[39m)[33m;[39m[0m

      at Object.toBe (__tests__/api/fetchWeather.test.ts:41:35)

Test Suites: 1 failed, 1 total
Tests:       1 failed, 2 passed, 3 total
Snapshots:   0 total
Time:        0.777 s, estimated 1 s
Ran all test suites matching /__tests__\\api\\fetchWeather.test.ts/i.
