// Jest Snapshot v1, https://goo.gl/fbAQLP

exports[`HubShell Snapshot renders correctly 1`] = `
<div>
  <div
    class="flex flex-col h-screen overflow-hidden transition-colors duration-500 bg-[var(--background-dark)]"
  >
    <main
      class="flex flex-col flex-1 relative min-w-0"
    >
      <div
        class="flex-1 overflow-hidden relative"
      >
        <div
          data-testid="fluid-stage"
        >
          FluidStage
        </div>
      </div>
      <div
        class="flex-none z-30 pb-4 px-4 md:px-8"
      >
        <div
          data-testid="input-deck"
        >
          InputDeck
        </div>
      </div>
    </main>
  </div>
</div>
`;
